MPLINK 5.08, LINKER
Linker Map File - Created Tue Nov 15 23:57:42 2016

                                 Section Info
                  Section       Type    Address   Location Size(Bytes)
                ---------  ---------  ---------  ---------  ---------
                   .org_0       code   0x000000    program   0x000002
                   .cinit    romdata   0x000001    program   0x000004
                   .org_1       code   0x000004    program   0x000226
.config_2007_BUILD/DEFAULT/PRODUCTION/MAIN.O       code   0x002007    program   0x000002
.config_2008_BUILD/DEFAULT/PRODUCTION/MAIN.O       code   0x002008    program   0x000002



                              Program Memory Usage 
                               Start         End      
                           ---------   ---------      
                            0x000000    0x000002      
                            0x000004    0x000116      
                            0x002007    0x002008      
            280 out of 4359 program addresses used, program memory utilization is 6%



                              Symbols - Sorted by Name
                     Name    Address   Location    Storage File                     
                ---------  ---------  ---------  --------- ---------                
          buttonInterrupt   0x000059    program     static /Users/yvesbastos/Dropbox/Academico/2016-1/ECOM059 - Microcontroladores/FinalProject-UserModule/UserModule-PIC.X/Main.asm
      cashierNormalButton   0x00008e    program     static /Users/yvesbastos/Dropbox/Academico/2016-1/ECOM059 - Microcontroladores/FinalProject-UserModule/UserModule-PIC.X/Main.asm
    cashierPriorityButton   0x0000a4    program     static /Users/yvesbastos/Dropbox/Academico/2016-1/ECOM059 - Microcontroladores/FinalProject-UserModule/UserModule-PIC.X/Main.asm
              clearCqueue   0x000048    program     static /Users/yvesbastos/Dropbox/Academico/2016-1/ECOM059 - Microcontroladores/FinalProject-UserModule/UserModule-PIC.X/Main.asm
              clearMqueue   0x000042    program     static /Users/yvesbastos/Dropbox/Academico/2016-1/ECOM059 - Microcontroladores/FinalProject-UserModule/UserModule-PIC.X/Main.asm
             clearPCqueue   0x00004b    program     static /Users/yvesbastos/Dropbox/Academico/2016-1/ECOM059 - Microcontroladores/FinalProject-UserModule/UserModule-PIC.X/Main.asm
             clearPMqueue   0x000045    program     static /Users/yvesbastos/Dropbox/Academico/2016-1/ECOM059 - Microcontroladores/FinalProject-UserModule/UserModule-PIC.X/Main.asm
                getFirstC   0x000024    program     static /Users/yvesbastos/Dropbox/Academico/2016-1/ECOM059 - Microcontroladores/FinalProject-UserModule/UserModule-PIC.X/Main.asm
                getFirstM   0x000012    program     static /Users/yvesbastos/Dropbox/Academico/2016-1/ECOM059 - Microcontroladores/FinalProject-UserModule/UserModule-PIC.X/Main.asm
               getFirstPC   0x00002d    program     static /Users/yvesbastos/Dropbox/Academico/2016-1/ECOM059 - Microcontroladores/FinalProject-UserModule/UserModule-PIC.X/Main.asm
               getFirstPM   0x00001b    program     static /Users/yvesbastos/Dropbox/Academico/2016-1/ECOM059 - Microcontroladores/FinalProject-UserModule/UserModule-PIC.X/Main.asm
                 getNextC   0x000010    program     static /Users/yvesbastos/Dropbox/Academico/2016-1/ECOM059 - Microcontroladores/FinalProject-UserModule/UserModule-PIC.X/Main.asm
                 getNextM   0x00000e    program     static /Users/yvesbastos/Dropbox/Academico/2016-1/ECOM059 - Microcontroladores/FinalProject-UserModule/UserModule-PIC.X/Main.asm
                     loop   0x000113    program     static /Users/yvesbastos/Dropbox/Academico/2016-1/ECOM059 - Microcontroladores/FinalProject-UserModule/UserModule-PIC.X/Main.asm
      managerNormalButton   0x000066    program     static /Users/yvesbastos/Dropbox/Academico/2016-1/ECOM059 - Microcontroladores/FinalProject-UserModule/UserModule-PIC.X/Main.asm
    managerPriorityButton   0x00007a    program     static /Users/yvesbastos/Dropbox/Academico/2016-1/ECOM059 - Microcontroladores/FinalProject-UserModule/UserModule-PIC.X/Main.asm
              receiveData   0x0000c6    program     static /Users/yvesbastos/Dropbox/Academico/2016-1/ECOM059 - Microcontroladores/FinalProject-UserModule/UserModule-PIC.X/Main.asm
              resetCcount   0x00003c    program     static /Users/yvesbastos/Dropbox/Academico/2016-1/ECOM059 - Microcontroladores/FinalProject-UserModule/UserModule-PIC.X/Main.asm
              resetMcount   0x000036    program     static /Users/yvesbastos/Dropbox/Academico/2016-1/ECOM059 - Microcontroladores/FinalProject-UserModule/UserModule-PIC.X/Main.asm
             resetPCcount   0x00003f    program     static /Users/yvesbastos/Dropbox/Academico/2016-1/ECOM059 - Microcontroladores/FinalProject-UserModule/UserModule-PIC.X/Main.asm
             resetPMcount   0x000039    program     static /Users/yvesbastos/Dropbox/Academico/2016-1/ECOM059 - Microcontroladores/FinalProject-UserModule/UserModule-PIC.X/Main.asm
                    setup   0x0000c7    program     static /Users/yvesbastos/Dropbox/Academico/2016-1/ECOM059 - Microcontroladores/FinalProject-UserModule/UserModule-PIC.X/Main.asm
             transmitData   0x0000ba    program     static /Users/yvesbastos/Dropbox/Academico/2016-1/ECOM059 - Microcontroladores/FinalProject-UserModule/UserModule-PIC.X/Main.asm
        transmitInterrupt   0x00004e    program     static /Users/yvesbastos/Dropbox/Academico/2016-1/ECOM059 - Microcontroladores/FinalProject-UserModule/UserModule-PIC.X/Main.asm



                              Symbols - Sorted by Address
                     Name    Address   Location    Storage File                     
                ---------  ---------  ---------  --------- ---------                
                 getNextM   0x00000e    program     static /Users/yvesbastos/Dropbox/Academico/2016-1/ECOM059 - Microcontroladores/FinalProject-UserModule/UserModule-PIC.X/Main.asm
                 getNextC   0x000010    program     static /Users/yvesbastos/Dropbox/Academico/2016-1/ECOM059 - Microcontroladores/FinalProject-UserModule/UserModule-PIC.X/Main.asm
                getFirstM   0x000012    program     static /Users/yvesbastos/Dropbox/Academico/2016-1/ECOM059 - Microcontroladores/FinalProject-UserModule/UserModule-PIC.X/Main.asm
               getFirstPM   0x00001b    program     static /Users/yvesbastos/Dropbox/Academico/2016-1/ECOM059 - Microcontroladores/FinalProject-UserModule/UserModule-PIC.X/Main.asm
                getFirstC   0x000024    program     static /Users/yvesbastos/Dropbox/Academico/2016-1/ECOM059 - Microcontroladores/FinalProject-UserModule/UserModule-PIC.X/Main.asm
               getFirstPC   0x00002d    program     static /Users/yvesbastos/Dropbox/Academico/2016-1/ECOM059 - Microcontroladores/FinalProject-UserModule/UserModule-PIC.X/Main.asm
              resetMcount   0x000036    program     static /Users/yvesbastos/Dropbox/Academico/2016-1/ECOM059 - Microcontroladores/FinalProject-UserModule/UserModule-PIC.X/Main.asm
             resetPMcount   0x000039    program     static /Users/yvesbastos/Dropbox/Academico/2016-1/ECOM059 - Microcontroladores/FinalProject-UserModule/UserModule-PIC.X/Main.asm
              resetCcount   0x00003c    program     static /Users/yvesbastos/Dropbox/Academico/2016-1/ECOM059 - Microcontroladores/FinalProject-UserModule/UserModule-PIC.X/Main.asm
             resetPCcount   0x00003f    program     static /Users/yvesbastos/Dropbox/Academico/2016-1/ECOM059 - Microcontroladores/FinalProject-UserModule/UserModule-PIC.X/Main.asm
              clearMqueue   0x000042    program     static /Users/yvesbastos/Dropbox/Academico/2016-1/ECOM059 - Microcontroladores/FinalProject-UserModule/UserModule-PIC.X/Main.asm
             clearPMqueue   0x000045    program     static /Users/yvesbastos/Dropbox/Academico/2016-1/ECOM059 - Microcontroladores/FinalProject-UserModule/UserModule-PIC.X/Main.asm
              clearCqueue   0x000048    program     static /Users/yvesbastos/Dropbox/Academico/2016-1/ECOM059 - Microcontroladores/FinalProject-UserModule/UserModule-PIC.X/Main.asm
             clearPCqueue   0x00004b    program     static /Users/yvesbastos/Dropbox/Academico/2016-1/ECOM059 - Microcontroladores/FinalProject-UserModule/UserModule-PIC.X/Main.asm
        transmitInterrupt   0x00004e    program     static /Users/yvesbastos/Dropbox/Academico/2016-1/ECOM059 - Microcontroladores/FinalProject-UserModule/UserModule-PIC.X/Main.asm
          buttonInterrupt   0x000059    program     static /Users/yvesbastos/Dropbox/Academico/2016-1/ECOM059 - Microcontroladores/FinalProject-UserModule/UserModule-PIC.X/Main.asm
      managerNormalButton   0x000066    program     static /Users/yvesbastos/Dropbox/Academico/2016-1/ECOM059 - Microcontroladores/FinalProject-UserModule/UserModule-PIC.X/Main.asm
    managerPriorityButton   0x00007a    program     static /Users/yvesbastos/Dropbox/Academico/2016-1/ECOM059 - Microcontroladores/FinalProject-UserModule/UserModule-PIC.X/Main.asm
      cashierNormalButton   0x00008e    program     static /Users/yvesbastos/Dropbox/Academico/2016-1/ECOM059 - Microcontroladores/FinalProject-UserModule/UserModule-PIC.X/Main.asm
    cashierPriorityButton   0x0000a4    program     static /Users/yvesbastos/Dropbox/Academico/2016-1/ECOM059 - Microcontroladores/FinalProject-UserModule/UserModule-PIC.X/Main.asm
             transmitData   0x0000ba    program     static /Users/yvesbastos/Dropbox/Academico/2016-1/ECOM059 - Microcontroladores/FinalProject-UserModule/UserModule-PIC.X/Main.asm
              receiveData   0x0000c6    program     static /Users/yvesbastos/Dropbox/Academico/2016-1/ECOM059 - Microcontroladores/FinalProject-UserModule/UserModule-PIC.X/Main.asm
                    setup   0x0000c7    program     static /Users/yvesbastos/Dropbox/Academico/2016-1/ECOM059 - Microcontroladores/FinalProject-UserModule/UserModule-PIC.X/Main.asm
                     loop   0x000113    program     static /Users/yvesbastos/Dropbox/Academico/2016-1/ECOM059 - Microcontroladores/FinalProject-UserModule/UserModule-PIC.X/Main.asm


