MPLINK 5.08, LINKER
Linker Map File - Created Sat Nov 12 14:29:51 2016

                                 Section Info
                  Section       Type    Address   Location Size(Bytes)
                ---------  ---------  ---------  ---------  ---------
                   .org_0       code   0x000000    program   0x000002
                   .cinit    romdata   0x000001    program   0x000004
                   .org_1       code   0x000004    program   0x0001e6
.config_2007_BUILD/DEFAULT/DEBUG/MAIN.O       code   0x002007    program   0x000002
.config_2008_BUILD/DEFAULT/DEBUG/MAIN.O       code   0x002008    program   0x000002



                              Program Memory Usage 
                               Start         End      
                           ---------   ---------      
                            0x000000    0x000002      
                            0x000004    0x0000f6      
                            0x002007    0x002008      
            248 out of 4359 program addresses used, program memory utilization is 5%



                              Symbols - Sorted by Name
                     Name    Address   Location    Storage File                     
                ---------  ---------  ---------  --------- ---------                
          buttonInterrupt   0x000044    program     static /Users/yvesbastos/Dropbox/Academico/2016-1/ECOM059 - Microcontroladores/FinalProject-UserModule/UserModule-PIC.X/Main.asm
      cashierNormalButton   0x000079    program     static /Users/yvesbastos/Dropbox/Academico/2016-1/ECOM059 - Microcontroladores/FinalProject-UserModule/UserModule-PIC.X/Main.asm
    cashierPriorityButton   0x00008f    program     static /Users/yvesbastos/Dropbox/Academico/2016-1/ECOM059 - Microcontroladores/FinalProject-UserModule/UserModule-PIC.X/Main.asm
              clearCqueue   0x00003e    program     static /Users/yvesbastos/Dropbox/Academico/2016-1/ECOM059 - Microcontroladores/FinalProject-UserModule/UserModule-PIC.X/Main.asm
              clearMqueue   0x000038    program     static /Users/yvesbastos/Dropbox/Academico/2016-1/ECOM059 - Microcontroladores/FinalProject-UserModule/UserModule-PIC.X/Main.asm
             clearPCqueue   0x000041    program     static /Users/yvesbastos/Dropbox/Academico/2016-1/ECOM059 - Microcontroladores/FinalProject-UserModule/UserModule-PIC.X/Main.asm
             clearPMqueue   0x00003b    program     static /Users/yvesbastos/Dropbox/Academico/2016-1/ECOM059 - Microcontroladores/FinalProject-UserModule/UserModule-PIC.X/Main.asm
                getFirstC   0x000011    program     static /Users/yvesbastos/Dropbox/Academico/2016-1/ECOM059 - Microcontroladores/FinalProject-UserModule/UserModule-PIC.X/Main.asm
                getFirstM   0x000008    program     static /Users/yvesbastos/Dropbox/Academico/2016-1/ECOM059 - Microcontroladores/FinalProject-UserModule/UserModule-PIC.X/Main.asm
               getFirstPC   0x000023    program     static /Users/yvesbastos/Dropbox/Academico/2016-1/ECOM059 - Microcontroladores/FinalProject-UserModule/UserModule-PIC.X/Main.asm
               getFirstPM   0x00001a    program     static /Users/yvesbastos/Dropbox/Academico/2016-1/ECOM059 - Microcontroladores/FinalProject-UserModule/UserModule-PIC.X/Main.asm
            getNextInLine   0x0000a5    program     static /Users/yvesbastos/Dropbox/Academico/2016-1/ECOM059 - Microcontroladores/FinalProject-UserModule/UserModule-PIC.X/Main.asm
                     loop   0x0000f4    program     static /Users/yvesbastos/Dropbox/Academico/2016-1/ECOM059 - Microcontroladores/FinalProject-UserModule/UserModule-PIC.X/Main.asm
      managerNormalButton   0x000051    program     static /Users/yvesbastos/Dropbox/Academico/2016-1/ECOM059 - Microcontroladores/FinalProject-UserModule/UserModule-PIC.X/Main.asm
    managerPriorityButton   0x000065    program     static /Users/yvesbastos/Dropbox/Academico/2016-1/ECOM059 - Microcontroladores/FinalProject-UserModule/UserModule-PIC.X/Main.asm
              resetCcount   0x000032    program     static /Users/yvesbastos/Dropbox/Academico/2016-1/ECOM059 - Microcontroladores/FinalProject-UserModule/UserModule-PIC.X/Main.asm
              resetMcount   0x00002c    program     static /Users/yvesbastos/Dropbox/Academico/2016-1/ECOM059 - Microcontroladores/FinalProject-UserModule/UserModule-PIC.X/Main.asm
             resetPCcount   0x000035    program     static /Users/yvesbastos/Dropbox/Academico/2016-1/ECOM059 - Microcontroladores/FinalProject-UserModule/UserModule-PIC.X/Main.asm
             resetPMcount   0x00002f    program     static /Users/yvesbastos/Dropbox/Academico/2016-1/ECOM059 - Microcontroladores/FinalProject-UserModule/UserModule-PIC.X/Main.asm
                    setup   0x0000b7    program     static /Users/yvesbastos/Dropbox/Academico/2016-1/ECOM059 - Microcontroladores/FinalProject-UserModule/UserModule-PIC.X/Main.asm
             transmitData   0x0000a6    program     static /Users/yvesbastos/Dropbox/Academico/2016-1/ECOM059 - Microcontroladores/FinalProject-UserModule/UserModule-PIC.X/Main.asm



                              Symbols - Sorted by Address
                     Name    Address   Location    Storage File                     
                ---------  ---------  ---------  --------- ---------                
                getFirstM   0x000008    program     static /Users/yvesbastos/Dropbox/Academico/2016-1/ECOM059 - Microcontroladores/FinalProject-UserModule/UserModule-PIC.X/Main.asm
                getFirstC   0x000011    program     static /Users/yvesbastos/Dropbox/Academico/2016-1/ECOM059 - Microcontroladores/FinalProject-UserModule/UserModule-PIC.X/Main.asm
               getFirstPM   0x00001a    program     static /Users/yvesbastos/Dropbox/Academico/2016-1/ECOM059 - Microcontroladores/FinalProject-UserModule/UserModule-PIC.X/Main.asm
               getFirstPC   0x000023    program     static /Users/yvesbastos/Dropbox/Academico/2016-1/ECOM059 - Microcontroladores/FinalProject-UserModule/UserModule-PIC.X/Main.asm
              resetMcount   0x00002c    program     static /Users/yvesbastos/Dropbox/Academico/2016-1/ECOM059 - Microcontroladores/FinalProject-UserModule/UserModule-PIC.X/Main.asm
             resetPMcount   0x00002f    program     static /Users/yvesbastos/Dropbox/Academico/2016-1/ECOM059 - Microcontroladores/FinalProject-UserModule/UserModule-PIC.X/Main.asm
              resetCcount   0x000032    program     static /Users/yvesbastos/Dropbox/Academico/2016-1/ECOM059 - Microcontroladores/FinalProject-UserModule/UserModule-PIC.X/Main.asm
             resetPCcount   0x000035    program     static /Users/yvesbastos/Dropbox/Academico/2016-1/ECOM059 - Microcontroladores/FinalProject-UserModule/UserModule-PIC.X/Main.asm
              clearMqueue   0x000038    program     static /Users/yvesbastos/Dropbox/Academico/2016-1/ECOM059 - Microcontroladores/FinalProject-UserModule/UserModule-PIC.X/Main.asm
             clearPMqueue   0x00003b    program     static /Users/yvesbastos/Dropbox/Academico/2016-1/ECOM059 - Microcontroladores/FinalProject-UserModule/UserModule-PIC.X/Main.asm
              clearCqueue   0x00003e    program     static /Users/yvesbastos/Dropbox/Academico/2016-1/ECOM059 - Microcontroladores/FinalProject-UserModule/UserModule-PIC.X/Main.asm
             clearPCqueue   0x000041    program     static /Users/yvesbastos/Dropbox/Academico/2016-1/ECOM059 - Microcontroladores/FinalProject-UserModule/UserModule-PIC.X/Main.asm
          buttonInterrupt   0x000044    program     static /Users/yvesbastos/Dropbox/Academico/2016-1/ECOM059 - Microcontroladores/FinalProject-UserModule/UserModule-PIC.X/Main.asm
      managerNormalButton   0x000051    program     static /Users/yvesbastos/Dropbox/Academico/2016-1/ECOM059 - Microcontroladores/FinalProject-UserModule/UserModule-PIC.X/Main.asm
    managerPriorityButton   0x000065    program     static /Users/yvesbastos/Dropbox/Academico/2016-1/ECOM059 - Microcontroladores/FinalProject-UserModule/UserModule-PIC.X/Main.asm
      cashierNormalButton   0x000079    program     static /Users/yvesbastos/Dropbox/Academico/2016-1/ECOM059 - Microcontroladores/FinalProject-UserModule/UserModule-PIC.X/Main.asm
    cashierPriorityButton   0x00008f    program     static /Users/yvesbastos/Dropbox/Academico/2016-1/ECOM059 - Microcontroladores/FinalProject-UserModule/UserModule-PIC.X/Main.asm
            getNextInLine   0x0000a5    program     static /Users/yvesbastos/Dropbox/Academico/2016-1/ECOM059 - Microcontroladores/FinalProject-UserModule/UserModule-PIC.X/Main.asm
             transmitData   0x0000a6    program     static /Users/yvesbastos/Dropbox/Academico/2016-1/ECOM059 - Microcontroladores/FinalProject-UserModule/UserModule-PIC.X/Main.asm
                    setup   0x0000b7    program     static /Users/yvesbastos/Dropbox/Academico/2016-1/ECOM059 - Microcontroladores/FinalProject-UserModule/UserModule-PIC.X/Main.asm
                     loop   0x0000f4    program     static /Users/yvesbastos/Dropbox/Academico/2016-1/ECOM059 - Microcontroladores/FinalProject-UserModule/UserModule-PIC.X/Main.asm


