MPLINK 5.08, LINKER
Linker Map File - Created Thu Nov 10 23:36:34 2016

                                 Section Info
                  Section       Type    Address   Location Size(Bytes)
                ---------  ---------  ---------  ---------  ---------
                   .org_0       code   0x000000    program   0x000002
                   .cinit    romdata   0x000001    program   0x000004
                   .org_1       code   0x000004    program   0x000142
.config_2007_BUILD/DEFAULT/DEBUG/MAIN.O       code   0x002007    program   0x000002
.config_2008_BUILD/DEFAULT/DEBUG/MAIN.O       code   0x002008    program   0x000002



                              Program Memory Usage 
                               Start         End      
                           ---------   ---------      
                            0x000000    0x000002      
                            0x000004    0x0000a4      
                            0x002007    0x002008      
            166 out of 4359 program addresses used, program memory utilization is 3%



                              Symbols - Sorted by Name
                     Name    Address   Location    Storage File                     
                ---------  ---------  ---------  --------- ---------                
          buttonInterrupt   0x000030    program     static /Users/yvesbastos/Dropbox/Academico/2016-1/ECOM059 - Microcontroladores/FinalProject-UserModule/UserModule-PIC.X/Main.asm
      cashierNormalButton   0x00005d    program     static /Users/yvesbastos/Dropbox/Academico/2016-1/ECOM059 - Microcontroladores/FinalProject-UserModule/UserModule-PIC.X/Main.asm
    cashierPriorityButton   0x00006f    program     static /Users/yvesbastos/Dropbox/Academico/2016-1/ECOM059 - Microcontroladores/FinalProject-UserModule/UserModule-PIC.X/Main.asm
              clearCqueue   0x000022    program     static /Users/yvesbastos/Dropbox/Academico/2016-1/ECOM059 - Microcontroladores/FinalProject-UserModule/UserModule-PIC.X/Main.asm
              clearMqueue   0x000014    program     static /Users/yvesbastos/Dropbox/Academico/2016-1/ECOM059 - Microcontroladores/FinalProject-UserModule/UserModule-PIC.X/Main.asm
             clearPCqueue   0x000029    program     static /Users/yvesbastos/Dropbox/Academico/2016-1/ECOM059 - Microcontroladores/FinalProject-UserModule/UserModule-PIC.X/Main.asm
             clearPMqueue   0x00001b    program     static /Users/yvesbastos/Dropbox/Academico/2016-1/ECOM059 - Microcontroladores/FinalProject-UserModule/UserModule-PIC.X/Main.asm
                getFirstC   0x00000b    program     static /Users/yvesbastos/Dropbox/Academico/2016-1/ECOM059 - Microcontroladores/FinalProject-UserModule/UserModule-PIC.X/Main.asm
                getFirstM   0x000008    program     static /Users/yvesbastos/Dropbox/Academico/2016-1/ECOM059 - Microcontroladores/FinalProject-UserModule/UserModule-PIC.X/Main.asm
               getFirstPC   0x000011    program     static /Users/yvesbastos/Dropbox/Academico/2016-1/ECOM059 - Microcontroladores/FinalProject-UserModule/UserModule-PIC.X/Main.asm
               getFirstPM   0x00000e    program     static /Users/yvesbastos/Dropbox/Academico/2016-1/ECOM059 - Microcontroladores/FinalProject-UserModule/UserModule-PIC.X/Main.asm
            getNextInLine   0x000081    program     static /Users/yvesbastos/Dropbox/Academico/2016-1/ECOM059 - Microcontroladores/FinalProject-UserModule/UserModule-PIC.X/Main.asm
                     loop   0x0000a3    program     static /Users/yvesbastos/Dropbox/Academico/2016-1/ECOM059 - Microcontroladores/FinalProject-UserModule/UserModule-PIC.X/Main.asm
      managerNormalButton   0x00003d    program     static /Users/yvesbastos/Dropbox/Academico/2016-1/ECOM059 - Microcontroladores/FinalProject-UserModule/UserModule-PIC.X/Main.asm
    managerPriorityButton   0x00004d    program     static /Users/yvesbastos/Dropbox/Academico/2016-1/ECOM059 - Microcontroladores/FinalProject-UserModule/UserModule-PIC.X/Main.asm
                    setup   0x000082    program     static /Users/yvesbastos/Dropbox/Academico/2016-1/ECOM059 - Microcontroladores/FinalProject-UserModule/UserModule-PIC.X/Main.asm



                              Symbols - Sorted by Address
                     Name    Address   Location    Storage File                     
                ---------  ---------  ---------  --------- ---------                
                getFirstM   0x000008    program     static /Users/yvesbastos/Dropbox/Academico/2016-1/ECOM059 - Microcontroladores/FinalProject-UserModule/UserModule-PIC.X/Main.asm
                getFirstC   0x00000b    program     static /Users/yvesbastos/Dropbox/Academico/2016-1/ECOM059 - Microcontroladores/FinalProject-UserModule/UserModule-PIC.X/Main.asm
               getFirstPM   0x00000e    program     static /Users/yvesbastos/Dropbox/Academico/2016-1/ECOM059 - Microcontroladores/FinalProject-UserModule/UserModule-PIC.X/Main.asm
               getFirstPC   0x000011    program     static /Users/yvesbastos/Dropbox/Academico/2016-1/ECOM059 - Microcontroladores/FinalProject-UserModule/UserModule-PIC.X/Main.asm
              clearMqueue   0x000014    program     static /Users/yvesbastos/Dropbox/Academico/2016-1/ECOM059 - Microcontroladores/FinalProject-UserModule/UserModule-PIC.X/Main.asm
             clearPMqueue   0x00001b    program     static /Users/yvesbastos/Dropbox/Academico/2016-1/ECOM059 - Microcontroladores/FinalProject-UserModule/UserModule-PIC.X/Main.asm
              clearCqueue   0x000022    program     static /Users/yvesbastos/Dropbox/Academico/2016-1/ECOM059 - Microcontroladores/FinalProject-UserModule/UserModule-PIC.X/Main.asm
             clearPCqueue   0x000029    program     static /Users/yvesbastos/Dropbox/Academico/2016-1/ECOM059 - Microcontroladores/FinalProject-UserModule/UserModule-PIC.X/Main.asm
          buttonInterrupt   0x000030    program     static /Users/yvesbastos/Dropbox/Academico/2016-1/ECOM059 - Microcontroladores/FinalProject-UserModule/UserModule-PIC.X/Main.asm
      managerNormalButton   0x00003d    program     static /Users/yvesbastos/Dropbox/Academico/2016-1/ECOM059 - Microcontroladores/FinalProject-UserModule/UserModule-PIC.X/Main.asm
    managerPriorityButton   0x00004d    program     static /Users/yvesbastos/Dropbox/Academico/2016-1/ECOM059 - Microcontroladores/FinalProject-UserModule/UserModule-PIC.X/Main.asm
      cashierNormalButton   0x00005d    program     static /Users/yvesbastos/Dropbox/Academico/2016-1/ECOM059 - Microcontroladores/FinalProject-UserModule/UserModule-PIC.X/Main.asm
    cashierPriorityButton   0x00006f    program     static /Users/yvesbastos/Dropbox/Academico/2016-1/ECOM059 - Microcontroladores/FinalProject-UserModule/UserModule-PIC.X/Main.asm
            getNextInLine   0x000081    program     static /Users/yvesbastos/Dropbox/Academico/2016-1/ECOM059 - Microcontroladores/FinalProject-UserModule/UserModule-PIC.X/Main.asm
                    setup   0x000082    program     static /Users/yvesbastos/Dropbox/Academico/2016-1/ECOM059 - Microcontroladores/FinalProject-UserModule/UserModule-PIC.X/Main.asm
                     loop   0x0000a3    program     static /Users/yvesbastos/Dropbox/Academico/2016-1/ECOM059 - Microcontroladores/FinalProject-UserModule/UserModule-PIC.X/Main.asm


