Microchip MPLAB XC8 Compiler V1.38 ()

Linker command line:

-W-3 --edf=/Applications/microchip/xc8/v1.38/dat/en_msgs.txt -cs \
  -h+dist/default/production/UserModule-C.X.production.sym \
  --cmf=dist/default/production/UserModule-C.X.production.cmf -z -Q16F883 \
  -o/tmp/xczCC2nFY -Mdist/default/production/UserModule-C.X.production.map \
  -E1 -ver=XC8 -ASTACK=0120h-016fh -pstack=STACK -ACODE=00h-07FFhx2 \
  -ASTRCODE=00h-0FFFh -ASTRING=00h-0FFhx16 -ACONST=00h-0FFhx16 \
  -AENTRY=00h-0FFhx16 -ACOMMON=070h-07Fh -ABANK0=020h-06Fh \
  -ABANK1=0A0h-0EFh -ABANK2=0120h-016Fh \
  -ARAM=020h-06Fh,0A0h-0EFh,0120h-016Fh \
  -AABS1=020h-07Fh,0A0h-0EFh,0120h-016Fh -ASFR0=00h-01Fh -ASFR1=080h-09Fh \
  -ASFR2=0100h-011Fh -ASFR3=0180h-01EFh \
  -preset_vec=00h,intentry=04h,init,end_init -ppowerup=CODE -pcinit=CODE \
  -pfunctab=CODE -ACONFIG=02007h-02008h -pconfig=CONFIG -DCONFIG=2 \
  -AIDLOC=02000h-02003h -pidloc=IDLOC -DIDLOC=2 -AEEDATA=00h-0FFh/02100h \
  -peeprom_data=EEDATA -DEEDATA=2 -DCODE=2 -DSTRCODE=2 -DSTRING=2 -DCONST=2 \
  -DENTRY=2 -k /tmp/xc6csGKSq.obj \
  dist/default/production/UserModule-C.X.production.obj 

Object code version is 3.11

Machine type is 16F883



                Name                               Link     Load   Length Selector   Space Scale
/tmp/xc6csGKSq.obj
                end_init                             11       11        2        8       0
                reset_vec                             0        0        2        0       0
                config                             2007     2007        2     400E       0
dist/default/production/UserModule-C.X.production.obj
                cinit                                13       13       25        8       0
                intentry                              4        4        D        8       0
                text16                              3B7      3B7       10        8       0
                text15                              376      376       25        8       0
                text14                              302      302       28        8       0
                text13                              350      350       26        8       0
                text12                              2CD      2CD       35        8       0
                text11                              32A      32A       26        8       0
                text10                              3D5      3D5        D        8       0
                text9                               203      203       7A        8       0
                text8                               402      402        8        8       0
                text7                               3EE      3EE        C        8       0
                text6                               40A      40A        5        8       0
                text5                               3E2      3E2        C        8       0
                text4                               39B      39B       1C        8       0
                text3                                38       38      104        8       0
                text2                               3C7      3C7        E        8       0
                text1                               13C      13C       C7        8       0
                maintext                            27D      27D       50        8       0
                cstackBANK0                          53       53        9       20       1
                cstackCOMMON                         70       70        8       70       1
                clrtext                             3FA      3FA        8        8       0
                bssBANK1                             A0       A0       28       A0       1
                dataBANK0                            5C       5C        4       20       1
                bssBANK0                             20       20       33       20       1
                bssCOMMON                            78       78        6       70       1
                idataBANK0                          40F      40F        4        8       0

TOTAL           Name                               Link     Load   Length     Space
        CLASS   STACK          

        CLASS   CODE           
                end_init                             11       11        2         0
                cinit                                13       13       25         0
                intentry                              4        4        D         0
                reset_vec                             0        0        2         0
                text16                              3B7      3B7       10         0
                text15                              376      376       25         0
                text14                              302      302       28         0
                text13                              350      350       26         0
                text12                              2CD      2CD       35         0
                text11                              32A      32A       26         0
                text10                              3D5      3D5        D         0
                text9                               203      203       7A         0
                text8                               402      402        8         0
                text7                               3EE      3EE        C         0
                text6                               40A      40A        5         0
                text5                               3E2      3E2        C         0
                text4                               39B      39B       1C         0
                text3                                38       38      104         0
                text2                               3C7      3C7        E         0
                text1                               13C      13C       C7         0
                maintext                            27D      27D       50         0
                clrtext                             3FA      3FA        8         0
                idataBANK0                          40F      40F        4         0

        CLASS   STRCODE        

        CLASS   STRING         

        CLASS   CONST          

        CLASS   ENTRY          

        CLASS   COMMON         
                cstackCOMMON                         70       70        8         1
                bssCOMMON                            78       78        6         1

        CLASS   BANK0          
                cstackBANK0                          53       53        9         1
                dataBANK0                            5C       5C        4         1
                bssBANK0                             20       20       33         1

        CLASS   BANK1          
                bssBANK1                             A0       A0       28         1

        CLASS   BANK2          

        CLASS   RAM            

        CLASS   ABS1           
                abs_s1                               7E       7E        2         1

        CLASS   SFR0           

        CLASS   SFR1           

        CLASS   SFR2           

        CLASS   SFR3           

        CLASS   CONFIG         
                config                             2007     2007        2         0

        CLASS   IDLOC          

        CLASS   EEDATA         

        CLASS   BANK3          



SEGMENTS        Name                           Load    Length   Top    Selector   Space  Class     Delta

                reset_vec                      000000  000002  000002         0       0  CODE        2
                intentry                       000004  00040F  000413         8       0  CODE        2
                bssBANK0                       000020  000040  000060        20       1  BANK0       1
                cstackCOMMON                   000070  00000E  00007E        70       1  COMMON      1
                bssBANK1                       0000A0  000028  0000C8        A0       1  BANK1       1
                config                         002007  000002  002009      400E       0  CONFIG      2


UNUSED ADDRESS RANGES

        Name                Unused          Largest block    Delta
        BANK0            0060-006F             10           1
        BANK1            00C8-00EF             28           1
        BANK2            0120-016F             50           1
        CODE             0002-0003              2           2
                         0413-0FFF            3ED
        CONST            0002-0003              2           2
                         0413-0FFF            100
        EEDATA           2100-21FF            100           2
        ENTRY            0002-0003              2           2
                         0413-0FFF            100
        IDLOC            2000-2003              4           2
        RAM              0060-006F             10           1
                         00C8-00EF             28
                         0120-016F             50
        SFR0             0000-001F             20           1
        SFR1             0080-009F             20           1
        SFR2             0100-011F             20           1
        SFR3             0180-01EF             70           1
        STACK            0120-016F             50           1
        STRCODE          0002-0003              2           2
                         0413-0FFF            BED
        STRING           0002-0003              2           2
                         0413-0FFF            100

                                  Symbol Table

SPI_send@data                   cstackCOMMON 0070
SPI_sendString@F1589            dataBANK0    005C
SPI_sendString@data             cstackCOMMON 0071
SPI_sendString@i                cstackCOMMON 0075
_ANSEL                          (abs)        0188
_ANSELH                         (abs)        0189
_CashierNormalButton            text14       0302
_CashierPriorityButton          text13       0350
_INTCON                         (abs)        000B
_INTCONbits                     (abs)        000B
_IOCB                           (abs)        0096
_ManagerNormalButton            text12       02CD
_ManagerPriorityButton          text11       032A
_OSCCON                         (abs)        008F
_PIE1                           (abs)        008C
_PIE1bits                       (abs)        008C
_PIR1bits                       (abs)        000C
_PORTA                          (abs)        0005
_PORTAbits                      (abs)        0005
_PORTB                          (abs)        0006
_PORTBbits                      (abs)        0006
_PORTC                          (abs)        0007
_RCREG                          (abs)        001A
_RCSTA                          (abs)        0018
_RCSTAbits                      (abs)        0018
_SPBRG                          (abs)        0099
_SPI_send                       text16       03B7
_SPI_sendString                 text15       0376
_SSPBUF                         (abs)        0013
_SSPCON                         (abs)        0014
_SSPCONbits                     (abs)        0014
_SSPSTAT                        (abs)        0094
_SSPSTATbits                    (abs)        0094
_TRISA                          (abs)        0085
_TRISA5                         (abs)        042D
_TRISB                          (abs)        0086
_TRISC3                         (abs)        043B
_TRISC4                         (abs)        043C
_TRISC5                         (abs)        043D
_TRISC6                         (abs)        043E
_TRISC7                         (abs)        043F
_TXREG                          (abs)        0019
_TXSTAbits                      (abs)        0098
__CFG_BOR4V$BOR40V              (abs)        0000
__CFG_BOREN$OFF                 (abs)        0000
__CFG_CP$OFF                    (abs)        0000
__CFG_CPD$OFF                   (abs)        0000
__CFG_FCMEN$OFF                 (abs)        0000
__CFG_FOSC$INTRC_NOCLKOUT       (abs)        0000
__CFG_IESO$OFF                  (abs)        0000
__CFG_LVP$OFF                   (abs)        0000
__CFG_MCLRE$OFF                 (abs)        0000
__CFG_PWRTE$OFF                 (abs)        0000
__CFG_WDTE$OFF                  (abs)        0000
__CFG_WRT$OFF                   (abs)        0000
__Habs1                         abs1         0000
__Hbank0                        bank0        0000
__Hbank1                        bank1        0000
__Hbank2                        bank2        0000
__Hbank3                        bank3        0000
__HbssBANK0                     bssBANK0     0000
__HbssBANK1                     bssBANK1     0000
__HbssCOMMON                    bssCOMMON    0000
__Hcinit                        cinit        0038
__Hclrtext                      clrtext      0000
__Hcode                         code         0000
__Hcommon                       common       0000
__Hconfig                       config       2009
__HcstackBANK0                  cstackBANK0  0000
__HcstackCOMMON                 cstackCOMMON 0000
__HdataBANK0                    dataBANK0    0000
__Heeprom_data                  eeprom_data  0000
__Hend_init                     end_init     0013
__Hfunctab                      functab      0000
__HidataBANK0                   idataBANK0   0000
__Hidloc                        idloc        0000
__Hinit                         init         0011
__Hintentry                     intentry     0011
__Hmaintext                     maintext     0000
__Hpowerup                      powerup      0000
__Hram                          ram          0000
__Hreset_vec                    reset_vec    0002
__Hsfr0                         sfr0         0000
__Hsfr1                         sfr1         0000
__Hsfr2                         sfr2         0000
__Hsfr3                         sfr3         0000
__Hspace_0                      (abs)        2009
__Hspace_1                      (abs)        00C8
__Hspace_2                      (abs)        0000
__Hspace_3                      (abs)        0000
__Hstack                        stack        0000
__Hstrings                      strings      0000
__Htext                         text         0000
__Labs1                         abs1         0000
__Lbank0                        bank0        0000
__Lbank1                        bank1        0000
__Lbank2                        bank2        0000
__Lbank3                        bank3        0000
__LbssBANK0                     bssBANK0     0000
__LbssBANK1                     bssBANK1     0000
__LbssCOMMON                    bssCOMMON    0000
__Lcinit                        cinit        0013
__Lclrtext                      clrtext      0000
__Lcode                         code         0000
__Lcommon                       common       0000
__Lconfig                       config       2007
__LcstackBANK0                  cstackBANK0  0000
__LcstackCOMMON                 cstackCOMMON 0000
__LdataBANK0                    dataBANK0    0000
__Leeprom_data                  eeprom_data  0000
__Lend_init                     end_init     0011
__Lfunctab                      functab      0000
__LidataBANK0                   idataBANK0   0000
__Lidloc                        idloc        0000
__Linit                         init         0011
__Lintentry                     intentry     0004
__Lmaintext                     maintext     0000
__Lpowerup                      powerup      0000
__Lram                          ram          0000
__Lreset_vec                    reset_vec    0000
__Lsfr0                         sfr0         0000
__Lsfr1                         sfr1         0000
__Lsfr2                         sfr2         0000
__Lsfr3                         sfr3         0000
__Lspace_0                      (abs)        0000
__Lspace_1                      (abs)        0000
__Lspace_2                      (abs)        0000
__Lspace_3                      (abs)        0000
__Lstack                        stack        0000
__Lstrings                      strings      0000
__Ltext                         text         0000
__S0                            (abs)        2009
__S1                            (abs)        00C8
__S2                            (abs)        0000
__S3                            (abs)        0000
___int_sp                       stack        0000
___latbits                      (abs)        0001
___sp                           stack        0000
__end_of_CashierNormalButton    text14       032A
__end_of_CashierPriorityButton  text13       0376
__end_of_ManagerNormalButton    text12       0302
__end_of_ManagerPriorityButton  text11       0350
__end_of_SPI_send               text16       03C7
__end_of_SPI_sendString         text15       039B
__end_of__initialization        cinit        0035
__end_of_buttonINT              text9        027D
__end_of_connect_wifi           text3        013C
__end_of_getNextManager         text10       03E2
__end_of_main                   maintext     02CD
__end_of_new_at_com             text7        03FA
__end_of_overflow               text6        040F
__end_of_rx_serial              text5        03EE
__end_of_tx_serial              text8        040A
__end_of_usartInit              text2        03D5
__end_of_wait_Connect           text1        0203
__end_of_wait_ok                text4        03B7
__initialization                cinit        0013
__pbssBANK0                     bssBANK0     0020
__pbssBANK1                     bssBANK1     00A0
__pbssCOMMON                    bssCOMMON    0078
__pcstackBANK0                  cstackBANK0  0053
__pcstackCOMMON                 cstackCOMMON 0070
__pdataBANK0                    dataBANK0    005C
__pidataBANK0                   idataBANK0   040F
__pintentry                     intentry     0004
__pmaintext                     maintext     027D
__ptext1                        text1        013C
__ptext10                       text10       03D5
__ptext11                       text11       032A
__ptext12                       text12       02CD
__ptext13                       text13       0350
__ptext14                       text14       0302
__ptext15                       text15       0376
__ptext16                       text16       03B7
__ptext2                        text2        03C7
__ptext3                        text3        0038
__ptext4                        text4        039B
__ptext5                        text5        03E2
__ptext6                        text6        040A
__ptext7                        text7        03EE
__ptext8                        text8        0402
__ptext9                        text9        0203
__size_of_CashierNormalButton   (abs)        0000
__size_of_CashierPriorityButton (abs)        0000
__size_of_ManagerNormalButton   (abs)        0000
__size_of_ManagerPriorityButton (abs)        0000
__size_of_SPI_send              (abs)        0000
__size_of_SPI_sendString        (abs)        0000
__size_of_buttonINT             (abs)        0000
__size_of_connect_wifi          (abs)        0000
__size_of_getNextManager        (abs)        0000
__size_of_main                  (abs)        0000
__size_of_new_at_com            (abs)        0000
__size_of_overflow              (abs)        0000
__size_of_rx_serial             (abs)        0000
__size_of_tx_serial             (abs)        0000
__size_of_usartInit             (abs)        0000
__size_of_wait_Connect          (abs)        0000
__size_of_wait_ok               (abs)        0000
_buttonINT                      text9        0203
_cCount                         bssBANK0     0048
_clast                          bssBANK0     0049
_cnext                          bssBANK0     004A
_connect_wifi                   text3        0038
_cqueue                         bssBANK1     00A0
_csize                          bssBANK0     004B
_getNextManager                 text10       03D5
_guiche                         bssCOMMON    0078
_mCount                         bssCOMMON    0079
_main                           maintext     027D
_mlast                          bssCOMMON    007A
_mnext                          bssBANK0     004C
_mqueue                         bssBANK0     0020
_msize                          bssCOMMON    007B
_nRBPU                          (abs)        040F
_new_at_com                     text7        03EE
_overflow                       text6        040A
_pcCount                        bssCOMMON    007C
_pclast                         bssBANK0     004D
_pcnext                         bssBANK0     004E
_pcqueue                        bssBANK1     00B4
_pcsize                         bssBANK0     004F
_pmCount                        bssCOMMON    007D
_pmlast                         bssBANK0     0050
_pmnext                         bssBANK0     0051
_pmqueue                        bssBANK0     0034
_pmsize                         bssBANK0     0052
_rx_serial                      text5        03E2
_tx_serial                      text8        0402
_usartInit                      text2        03C7
_wait_Connect                   text1        013C
_wait_ok                        text4        039B
btemp                           (abs)        007E
clear_ram0                      clrtext      03FA
end_of_initialization           cinit        0035
interrupt_function              intentry     0004
intlevel0                       functab      0000
intlevel1                       functab      0000
intlevel2                       functab      0000
intlevel3                       functab      0000
intlevel4                       functab      0000
intlevel5                       functab      0000
ltemp                           (abs)        007E
ltemp0                          (abs)        007E
ltemp1                          (abs)        0082
ltemp2                          (abs)        0086
ltemp3                          (abs)        0080
reset_vec                       reset_vec    0000
saved_w                         (abs)        007E
stackhi                         (abs)        0000
stacklo                         (abs)        0000
start                           init         0011
start_initialization            cinit        0013
ttemp                           (abs)        007E
ttemp0                          (abs)        007E
ttemp1                          (abs)        0081
ttemp2                          (abs)        0084
ttemp3                          (abs)        0087
ttemp4                          (abs)        007F
tx_serial@aChar                 cstackBANK0  005A
wtemp                           (abs)        007E
wtemp0                          (abs)        007E
wtemp1                          (abs)        0080
wtemp2                          (abs)        0082
wtemp3                          (abs)        0084
wtemp4                          (abs)        0086
wtemp5                          (abs)        0088
wtemp6                          (abs)        007F


FUNCTION INFORMATION:

 *************** function _main *****************
 Defined at:
		line 561 in file "main.c"
 Parameters:    Size  Location     Type
		None
 Auto vars:     Size  Location     Type
		None
 Return value:  Size  Location     Type
                  1    wreg      void 
 Registers used:
		wreg, status,2, status,0, pclath, cstack
 Tracked objects:
		On entry : 
		On exit  : 
		Unchanged: 
 Data sizes:     COMMON   BANK0   BANK1   BANK2
      Params:         0       0       0       0
      Locals:         0       0       0       0
      Temps:          0       1       0       0
      Totals:         0       1       0       0
Total ram usage:        1 bytes
 Hardware stack levels required when called:    8
 This function calls:
		_connect_wifi
		_rx_serial
		_usartInit
		_wait_Connect
 This function is called by:
		Startup code after reset
 This function uses a non-reentrant model


 *************** function _wait_Connect *****************
 Defined at:
		line 314 in file "main.c"
 Parameters:    Size  Location     Type
		None
 Auto vars:     Size  Location     Type
		None
 Return value:  Size  Location     Type
                  1    wreg      void 
 Registers used:
		wreg, status,2, status,0, pclath, cstack
 Tracked objects:
		On entry : 
		On exit  : 
		Unchanged: 
 Data sizes:     COMMON   BANK0   BANK1   BANK2
      Params:         0       0       0       0
      Locals:         0       0       0       0
      Temps:          0       0       0       0
      Totals:         0       0       0       0
Total ram usage:        0 bytes
 Hardware stack levels used:    1
 Hardware stack levels required when called:    6
 This function calls:
		_rx_serial
 This function is called by:
		_main
 This function uses a non-reentrant model


 *************** function _usartInit *****************
 Defined at:
		line 553 in file "main.c"
 Parameters:    Size  Location     Type
		None
 Auto vars:     Size  Location     Type
		None
 Return value:  Size  Location     Type
                  1    wreg      void 
 Registers used:
		wreg
 Tracked objects:
		On entry : 
		On exit  : 
		Unchanged: 
 Data sizes:     COMMON   BANK0   BANK1   BANK2
      Params:         0       0       0       0
      Locals:         0       0       0       0
      Temps:          0       0       0       0
      Totals:         0       0       0       0
Total ram usage:        0 bytes
 Hardware stack levels used:    1
 Hardware stack levels required when called:    4
 This function calls:
		Nothing
 This function is called by:
		_main
 This function uses a non-reentrant model


 *************** function _connect_wifi *****************
 Defined at:
		line 479 in file "main.c"
 Parameters:    Size  Location     Type
		None
 Auto vars:     Size  Location     Type
		None
 Return value:  Size  Location     Type
                  1    wreg      void 
 Registers used:
		wreg, status,2, status,0, pclath, cstack
 Tracked objects:
		On entry : 
		On exit  : 
		Unchanged: 
 Data sizes:     COMMON   BANK0   BANK1   BANK2
      Params:         0       0       0       0
      Locals:         0       0       0       0
      Temps:          0       0       0       0
      Totals:         0       0       0       0
Total ram usage:        0 bytes
 Hardware stack levels used:    1
 Hardware stack levels required when called:    7
 This function calls:
		_new_at_com
		_tx_serial
		_wait_ok
 This function is called by:
		_main
 This function uses a non-reentrant model


 *************** function _wait_ok *****************
 Defined at:
		line 297 in file "main.c"
 Parameters:    Size  Location     Type
		None
 Auto vars:     Size  Location     Type
		None
 Return value:  Size  Location     Type
                  1    wreg      void 
 Registers used:
		wreg, status,2, status,0, pclath, cstack
 Tracked objects:
		On entry : 
		On exit  : 
		Unchanged: 
 Data sizes:     COMMON   BANK0   BANK1   BANK2
      Params:         0       0       0       0
      Locals:         0       0       0       0
      Temps:          0       0       0       0
      Totals:         0       0       0       0
Total ram usage:        0 bytes
 Hardware stack levels used:    1
 Hardware stack levels required when called:    6
 This function calls:
		_rx_serial
 This function is called by:
		_connect_wifi
		_send_To_Attendant
 This function uses a non-reentrant model


 *************** function _rx_serial *****************
 Defined at:
		line 282 in file "main.c"
 Parameters:    Size  Location     Type
		None
 Auto vars:     Size  Location     Type
		None
 Return value:  Size  Location     Type
                  1    wreg      void 
 Registers used:
		status,2, status,0, pclath, cstack
 Tracked objects:
		On entry : 
		On exit  : 
		Unchanged: 
 Data sizes:     COMMON   BANK0   BANK1   BANK2
      Params:         0       0       0       0
      Locals:         0       0       0       0
      Temps:          0       0       0       0
      Totals:         0       0       0       0
Total ram usage:        0 bytes
 Hardware stack levels used:    1
 Hardware stack levels required when called:    5
 This function calls:
		_overflow
 This function is called by:
		_wait_ok
		_wait_Connect
		_main
 This function uses a non-reentrant model


 *************** function _overflow *****************
 Defined at:
		line 272 in file "main.c"
 Parameters:    Size  Location     Type
		None
 Auto vars:     Size  Location     Type
		None
 Return value:  Size  Location     Type
                  1    wreg      void 
 Registers used:
		None
 Tracked objects:
		On entry : 
		On exit  : 
		Unchanged: 
 Data sizes:     COMMON   BANK0   BANK1   BANK2
      Params:         0       0       0       0
      Locals:         0       0       0       0
      Temps:          0       0       0       0
      Totals:         0       0       0       0
Total ram usage:        0 bytes
 Hardware stack levels used:    1
 Hardware stack levels required when called:    4
 This function calls:
		Nothing
 This function is called by:
		_rx_serial
 This function uses a non-reentrant model


 *************** function _new_at_com *****************
 Defined at:
		line 291 in file "main.c"
 Parameters:    Size  Location     Type
		None
 Auto vars:     Size  Location     Type
		None
 Return value:  Size  Location     Type
                  1    wreg      void 
 Registers used:
		wreg, status,2, status,0, pclath, cstack
 Tracked objects:
		On entry : 
		On exit  : 
		Unchanged: 
 Data sizes:     COMMON   BANK0   BANK1   BANK2
      Params:         0       0       0       0
      Locals:         0       0       0       0
      Temps:          0       0       0       0
      Totals:         0       0       0       0
Total ram usage:        0 bytes
 Hardware stack levels used:    1
 Hardware stack levels required when called:    5
 This function calls:
		_tx_serial
 This function is called by:
		_connect_wifi
		_send_To_Attendant
 This function uses a non-reentrant model


 *************** function _tx_serial *****************
 Defined at:
		line 277 in file "main.c"
 Parameters:    Size  Location     Type
  aChar           1    wreg     unsigned char 
 Auto vars:     Size  Location     Type
  aChar           1    7[BANK0 ] unsigned char 
 Return value:  Size  Location     Type
                  1    wreg      void 
 Registers used:
		wreg
 Tracked objects:
		On entry : 
		On exit  : 
		Unchanged: 
 Data sizes:     COMMON   BANK0   BANK1   BANK2
      Params:         0       0       0       0
      Locals:         0       1       0       0
      Temps:          0       0       0       0
      Totals:         0       1       0       0
Total ram usage:        1 bytes
 Hardware stack levels used:    1
 Hardware stack levels required when called:    4
 This function calls:
		Nothing
 This function is called by:
		_new_at_com
		_connect_wifi
		_send_To_Attendant
		_send_IPD
 This function uses a non-reentrant model


 *************** function _buttonINT *****************
 Defined at:
		line 230 in file "main.c"
 Parameters:    Size  Location     Type
		None
 Auto vars:     Size  Location     Type
		None
 Return value:  Size  Location     Type
                  1    wreg      void 
 Registers used:
		wreg, fsr0l, fsr0h, status,2, status,0, btemp+1, pclath, cstack
 Tracked objects:
		On entry : 
		On exit  : 
		Unchanged: 
 Data sizes:     COMMON   BANK0   BANK1   BANK2
      Params:         0       0       0       0
      Locals:         0       0       0       0
      Temps:          0       7       0       0
      Totals:         0       7       0       0
Total ram usage:        7 bytes
 Hardware stack levels used:    1
 Hardware stack levels required when called:    3
 This function calls:
		_CashierNormalButton
		_CashierPriorityButton
		_ManagerNormalButton
		_ManagerPriorityButton
		_getNextManager
 This function is called by:
		Interrupt level 1
 This function uses a non-reentrant model


 *************** function _getNextManager *****************
 Defined at:
		line 121 in file "main.c"
 Parameters:    Size  Location     Type
		None
 Auto vars:     Size  Location     Type
		None
 Return value:  Size  Location     Type
                  1    wreg      void 
 Registers used:
		wreg, status,2, status,0
 Tracked objects:
		On entry : 
		On exit  : 
		Unchanged: 
 Data sizes:     COMMON   BANK0   BANK1   BANK2
      Params:         0       0       0       0
      Locals:         0       0       0       0
      Temps:          1       0       0       0
      Totals:         1       0       0       0
Total ram usage:        1 bytes
 Hardware stack levels used:    1
 This function calls:
		Nothing
 This function is called by:
		_buttonINT
 This function uses a non-reentrant model


 *************** function _ManagerPriorityButton *****************
 Defined at:
		line 208 in file "main.c"
 Parameters:    Size  Location     Type
		None
 Auto vars:     Size  Location     Type
		None
 Return value:  Size  Location     Type
                  1    wreg      void 
 Registers used:
		wreg, fsr0l, fsr0h, status,2, status,0
 Tracked objects:
		On entry : 
		On exit  : 
		Unchanged: 
 Data sizes:     COMMON   BANK0   BANK1   BANK2
      Params:         0       0       0       0
      Locals:         0       0       0       0
      Temps:          1       0       0       0
      Totals:         1       0       0       0
Total ram usage:        1 bytes
 Hardware stack levels used:    1
 This function calls:
		Nothing
 This function is called by:
		_buttonINT
 This function uses a non-reentrant model


 *************** function _ManagerNormalButton *****************
 Defined at:
		line 185 in file "main.c"
 Parameters:    Size  Location     Type
		None
 Auto vars:     Size  Location     Type
		None
 Return value:  Size  Location     Type
                  1    wreg      void 
 Registers used:
		wreg, fsr0l, fsr0h, status,2, status,0, pclath, cstack
 Tracked objects:
		On entry : 
		On exit  : 
		Unchanged: 
 Data sizes:     COMMON   BANK0   BANK1   BANK2
      Params:         0       0       0       0
      Locals:         0       0       0       0
      Temps:          3       0       0       0
      Totals:         3       0       0       0
Total ram usage:        3 bytes
 Hardware stack levels used:    1
 Hardware stack levels required when called:    1
 This function calls:
		_SPI_send
 This function is called by:
		_buttonINT
 This function uses a non-reentrant model


 *************** function _CashierPriorityButton *****************
 Defined at:
		line 141 in file "main.c"
 Parameters:    Size  Location     Type
		None
 Auto vars:     Size  Location     Type
		None
 Return value:  Size  Location     Type
                  1    wreg      void 
 Registers used:
		wreg, fsr0l, fsr0h, status,2, status,0
 Tracked objects:
		On entry : 
		On exit  : 
		Unchanged: 
 Data sizes:     COMMON   BANK0   BANK1   BANK2
      Params:         0       0       0       0
      Locals:         0       0       0       0
      Temps:          1       0       0       0
      Totals:         1       0       0       0
Total ram usage:        1 bytes
 Hardware stack levels used:    1
 This function calls:
		Nothing
 This function is called by:
		_buttonINT
 This function uses a non-reentrant model


 *************** function _CashierNormalButton *****************
 Defined at:
		line 162 in file "main.c"
 Parameters:    Size  Location     Type
		None
 Auto vars:     Size  Location     Type
		None
 Return value:  Size  Location     Type
                  1    wreg      void 
 Registers used:
		wreg, fsr0l, fsr0h, status,2, status,0, btemp+1, pclath, cstack
 Tracked objects:
		On entry : 
		On exit  : 
		Unchanged: 
 Data sizes:     COMMON   BANK0   BANK1   BANK2
      Params:         0       0       0       0
      Locals:         0       0       0       0
      Temps:          1       0       0       0
      Totals:         1       0       0       0
Total ram usage:        1 bytes
 Hardware stack levels used:    1
 Hardware stack levels required when called:    2
 This function calls:
		_SPI_sendString
 This function is called by:
		_buttonINT
 This function uses a non-reentrant model


 *************** function _SPI_sendString *****************
 Defined at:
		line 113 in file "main.c"
 Parameters:    Size  Location     Type
		None
 Auto vars:     Size  Location     Type
  i               2    5[COMMON] int 
  data            4    1[COMMON] unsigned char [4]
 Return value:  Size  Location     Type
                  1    wreg      void 
 Registers used:
		wreg, fsr0l, fsr0h, status,2, status,0, btemp+1, pclath, cstack
 Tracked objects:
		On entry : 
		On exit  : 
		Unchanged: 
 Data sizes:     COMMON   BANK0   BANK1   BANK2
      Params:         0       0       0       0
      Locals:         6       0       0       0
      Temps:          0       0       0       0
      Totals:         6       0       0       0
Total ram usage:        6 bytes
 Hardware stack levels used:    1
 Hardware stack levels required when called:    1
 This function calls:
		_SPI_send
 This function is called by:
		_CashierNormalButton
 This function uses a non-reentrant model


 *************** function _SPI_send *****************
 Defined at:
		line 95 in file "main.c"
 Parameters:    Size  Location     Type
  data            1    wreg     unsigned char 
 Auto vars:     Size  Location     Type
  data            1    0[COMMON] unsigned char 
 Return value:  Size  Location     Type
                  1    wreg      void 
 Registers used:
		wreg
 Tracked objects:
		On entry : 
		On exit  : 
		Unchanged: 
 Data sizes:     COMMON   BANK0   BANK1   BANK2
      Params:         0       0       0       0
      Locals:         1       0       0       0
      Temps:          0       0       0       0
      Totals:         1       0       0       0
Total ram usage:        1 bytes
 Hardware stack levels used:    1
 This function calls:
		Nothing
 This function is called by:
		_SPI_sendString
		_ManagerNormalButton
 This function uses a non-reentrant model



MODULE INFORMATION

Module		Function		Class		Link	Load	Size
shared
		__initialization		CODE           	0013	0000	35

shared estimated size: 35

main.c
		_overflow      		CODE           	040A	0000	6
		_connect_wifi  		CODE           	0038	0000	261
		_wait_ok       		CODE           	039B	0000	29
		_ManagerPriorityButton		CODE           	032A	0000	39
		_CashierPriorityButton		CODE           	0350	0000	39
		_SPI_send      		CODE           	03B7	0000	17
		_main          		CODE           	027D	0000	81
		_ManagerNormalButton		CODE           	02CD	0000	54
		_SPI_sendString		CODE           	0376	0000	38
		_usartInit     		CODE           	03C7	0000	15
		_CashierNormalButton		CODE           	0302	0000	41
		_new_at_com    		CODE           	03EE	0000	13
		_rx_serial     		CODE           	03E2	0000	13
		_tx_serial     		CODE           	0402	0000	9
		_wait_Connect  		CODE           	013C	0000	200
		_buttonINT     		CODE           	0203	0000	123
		_getNextManager		CODE           	03D5	0000	14

main.c estimated size: 992

