Microchip MPLAB XC8 Compiler V1.38 ()

Linker command line:

-W-3 --edf=/Applications/microchip/xc8/v1.38/dat/en_msgs.txt -cs \
  -h+dist/default/production/UserModule-C.X.production.sym \
  --cmf=dist/default/production/UserModule-C.X.production.cmf -z -Q16F883 \
  -o/tmp/xcX8pAeNy -Mdist/default/production/UserModule-C.X.production.map \
  -E1 -ver=XC8 -ASTACK=0148h-016fh -pstack=STACK -ACODE=00h-07FFhx2 \
  -ASTRCODE=00h-0FFFh -ASTRING=00h-0FFhx16 -ACONST=00h-0FFhx16 \
  -AENTRY=00h-0FFhx16 -ACOMMON=070h-07Fh -ABANK0=020h-06Fh \
  -ABANK1=0A0h-0EFh -ABANK2=0120h-016Fh \
  -ARAM=020h-06Fh,0A0h-0EFh,0120h-016Fh \
  -AABS1=020h-07Fh,0A0h-0EFh,0120h-016Fh -ASFR0=00h-01Fh -ASFR1=080h-09Fh \
  -ASFR2=0100h-011Fh -ASFR3=0180h-01EFh \
  -preset_vec=00h,intentry=04h,init,end_init -ppowerup=CODE -pcinit=CODE \
  -pfunctab=CODE -ACONFIG=02007h-02008h -pconfig=CONFIG -DCONFIG=2 \
  -AIDLOC=02000h-02003h -pidloc=IDLOC -DIDLOC=2 -AEEDATA=00h-0FFh/02100h \
  -peeprom_data=EEDATA -DEEDATA=2 -DCODE=2 -DSTRCODE=2 -DSTRING=2 -DCONST=2 \
  -DENTRY=2 -k /tmp/xcLhtO3yK.obj \
  dist/default/production/UserModule-C.X.production.obj 

Object code version is 3.11

Machine type is 16F883



                Name                               Link     Load   Length Selector   Space Scale
/tmp/xcLhtO3yK.obj
                end_init                             11       11        2        8       0
                reset_vec                             0        0        2        0       0
                config                             2007     2007        2     400E       0
dist/default/production/UserModule-C.X.production.obj
                cinit                                13       13       2C        8       0
                intentry                              4        4        D        8       0
                text14                              385      385       10        8       0
                text13                              344      344       25        8       0
                text12                              30F      30F       35        8       0
                text11                              2CD      2CD       42        8       0
                text10                              3A3      3A3        D        8       0
                text9                               20A      20A       73        8       0
                text8                               3D0      3D0        8        8       0
                text7                               3BC      3BC        C        8       0
                text6                               3D8      3D8        5        8       0
                text5                               3B0      3B0        C        8       0
                text4                               369      369       1C        8       0
                text3                                3F       3F      104        8       0
                text2                               395      395        E        8       0
                text1                               143      143       C7        8       0
                maintext                            27D      27D       50        8       0
                cstackBANK0                          57       57        9       20       1
                cstackCOMMON                         70       70        8       70       1
                clrtext                             3C8      3C8        8        8       0
                bssBANK2                            120      120       28      120       1
                bssBANK1                             A0       A0       50       A0       1
                dataBANK0                            60       60        4       20       1
                bssBANK0                             20       20       37       20       1
                bssCOMMON                            78       78        6       70       1
                idataBANK0                          3DD      3DD        4        8       0

TOTAL           Name                               Link     Load   Length     Space
        CLASS   STACK          

        CLASS   CODE           
                end_init                             11       11        2         0
                cinit                                13       13       2C         0
                intentry                              4        4        D         0
                reset_vec                             0        0        2         0
                text14                              385      385       10         0
                text13                              344      344       25         0
                text12                              30F      30F       35         0
                text11                              2CD      2CD       42         0
                text10                              3A3      3A3        D         0
                text9                               20A      20A       73         0
                text8                               3D0      3D0        8         0
                text7                               3BC      3BC        C         0
                text6                               3D8      3D8        5         0
                text5                               3B0      3B0        C         0
                text4                               369      369       1C         0
                text3                                3F       3F      104         0
                text2                               395      395        E         0
                text1                               143      143       C7         0
                maintext                            27D      27D       50         0
                clrtext                             3C8      3C8        8         0
                idataBANK0                          3DD      3DD        4         0

        CLASS   STRCODE        

        CLASS   STRING         

        CLASS   CONST          

        CLASS   ENTRY          

        CLASS   COMMON         
                cstackCOMMON                         70       70        8         1
                bssCOMMON                            78       78        6         1

        CLASS   BANK0          
                cstackBANK0                          57       57        9         1
                dataBANK0                            60       60        4         1
                bssBANK0                             20       20       37         1

        CLASS   BANK1          
                bssBANK1                             A0       A0       50         1

        CLASS   BANK2          
                bssBANK2                            120      120       28         1

        CLASS   RAM            

        CLASS   ABS1           
                abs_s1                               7E       7E        2         1

        CLASS   SFR0           

        CLASS   SFR1           

        CLASS   SFR2           

        CLASS   SFR3           

        CLASS   CONFIG         
                config                             2007     2007        2         0

        CLASS   IDLOC          

        CLASS   EEDATA         

        CLASS   BANK3          



SEGMENTS        Name                           Load    Length   Top    Selector   Space  Class     Delta

                reset_vec                      000000  000002  000002         0       0  CODE        2
                intentry                       000004  0003DD  0003E1         8       0  CODE        2
                bssBANK0                       000020  000044  000064        20       1  BANK0       1
                cstackCOMMON                   000070  00000E  00007E        70       1  COMMON      1
                bssBANK1                       0000A0  000050  0000F0        A0       1  BANK1       1
                bssBANK2                       000120  000028  000148       120       1  BANK2       1
                config                         002007  000002  002009      400E       0  CONFIG      2


UNUSED ADDRESS RANGES

        Name                Unused          Largest block    Delta
        BANK0            0064-006F              C           1
        BANK2            0148-016F             28           1
        CODE             0002-0003              2           2
                         03E1-0FFF            41F
        CONST            0002-0003              2           2
                         03E1-0FFF            100
        EEDATA           2100-21FF            100           2
        ENTRY            0002-0003              2           2
                         03E1-0FFF            100
        IDLOC            2000-2003              4           2
        RAM              0064-006F              C           1
                         0148-016F             28
        SFR0             0000-001F             20           1
        SFR1             0080-009F             20           1
        SFR2             0100-011F             20           1
        SFR3             0180-01EF             70           1
        STACK            0148-016F             28           1
        STRCODE          0002-0003              2           2
                         03E1-0FFF            C1F
        STRING           0002-0003              2           2
                         03E1-0FFF            100

                                  Symbol Table

SPI_send@data                 cstackCOMMON 0070
SPI_sendString@F1589          dataBANK0    0060
SPI_sendString@data           cstackCOMMON 0071
SPI_sendString@i              cstackCOMMON 0075
_ANSEL                        (abs)        0188
_ANSELH                       (abs)        0189
_CashierNormalButton          text12       030F
_INTCON                       (abs)        000B
_INTCONbits                   (abs)        000B
_IOCB                         (abs)        0096
_ManagerNormalButton          text11       02CD
_OSCCON                       (abs)        008F
_PIE1                         (abs)        008C
_PIE1bits                     (abs)        008C
_PIR1bits                     (abs)        000C
_PORTA                        (abs)        0005
_PORTAbits                    (abs)        0005
_PORTB                        (abs)        0006
_PORTBbits                    (abs)        0006
_PORTC                        (abs)        0007
_RCREG                        (abs)        001A
_RCSTA                        (abs)        0018
_RCSTAbits                    (abs)        0018
_SPBRG                        (abs)        0099
_SPI_send                     text14       0385
_SPI_sendString               text13       0344
_SSPBUF                       (abs)        0013
_SSPCON                       (abs)        0014
_SSPCONbits                   (abs)        0014
_SSPSTAT                      (abs)        0094
_SSPSTATbits                  (abs)        0094
_TRISA                        (abs)        0085
_TRISA5                       (abs)        042D
_TRISB                        (abs)        0086
_TRISC3                       (abs)        043B
_TRISC4                       (abs)        043C
_TRISC5                       (abs)        043D
_TRISC6                       (abs)        043E
_TRISC7                       (abs)        043F
_TXREG                        (abs)        0019
_TXSTAbits                    (abs)        0098
__CFG_BOR4V$BOR40V            (abs)        0000
__CFG_BOREN$OFF               (abs)        0000
__CFG_CP$OFF                  (abs)        0000
__CFG_CPD$OFF                 (abs)        0000
__CFG_FCMEN$OFF               (abs)        0000
__CFG_FOSC$INTRC_NOCLKOUT     (abs)        0000
__CFG_IESO$OFF                (abs)        0000
__CFG_LVP$OFF                 (abs)        0000
__CFG_MCLRE$OFF               (abs)        0000
__CFG_PWRTE$OFF               (abs)        0000
__CFG_WDTE$OFF                (abs)        0000
__CFG_WRT$OFF                 (abs)        0000
__Habs1                       abs1         0000
__Hbank0                      bank0        0000
__Hbank1                      bank1        0000
__Hbank2                      bank2        0000
__Hbank3                      bank3        0000
__HbssBANK0                   bssBANK0     0000
__HbssBANK1                   bssBANK1     0000
__HbssBANK2                   bssBANK2     0000
__HbssCOMMON                  bssCOMMON    0000
__Hcinit                      cinit        003F
__Hclrtext                    clrtext      0000
__Hcode                       code         0000
__Hcommon                     common       0000
__Hconfig                     config       2009
__HcstackBANK0                cstackBANK0  0000
__HcstackCOMMON               cstackCOMMON 0000
__HdataBANK0                  dataBANK0    0000
__Heeprom_data                eeprom_data  0000
__Hend_init                   end_init     0013
__Hfunctab                    functab      0000
__HidataBANK0                 idataBANK0   0000
__Hidloc                      idloc        0000
__Hinit                       init         0011
__Hintentry                   intentry     0011
__Hmaintext                   maintext     0000
__Hpowerup                    powerup      0000
__Hram                        ram          0000
__Hreset_vec                  reset_vec    0002
__Hsfr0                       sfr0         0000
__Hsfr1                       sfr1         0000
__Hsfr2                       sfr2         0000
__Hsfr3                       sfr3         0000
__Hspace_0                    (abs)        2009
__Hspace_1                    (abs)        0148
__Hspace_2                    (abs)        0000
__Hspace_3                    (abs)        0000
__Hstack                      stack        0000
__Hstrings                    strings      0000
__Htext                       text         0000
__Labs1                       abs1         0000
__Lbank0                      bank0        0000
__Lbank1                      bank1        0000
__Lbank2                      bank2        0000
__Lbank3                      bank3        0000
__LbssBANK0                   bssBANK0     0000
__LbssBANK1                   bssBANK1     0000
__LbssBANK2                   bssBANK2     0000
__LbssCOMMON                  bssCOMMON    0000
__Lcinit                      cinit        0013
__Lclrtext                    clrtext      0000
__Lcode                       code         0000
__Lcommon                     common       0000
__Lconfig                     config       2007
__LcstackBANK0                cstackBANK0  0000
__LcstackCOMMON               cstackCOMMON 0000
__LdataBANK0                  dataBANK0    0000
__Leeprom_data                eeprom_data  0000
__Lend_init                   end_init     0011
__Lfunctab                    functab      0000
__LidataBANK0                 idataBANK0   0000
__Lidloc                      idloc        0000
__Linit                       init         0011
__Lintentry                   intentry     0004
__Lmaintext                   maintext     0000
__Lpowerup                    powerup      0000
__Lram                        ram          0000
__Lreset_vec                  reset_vec    0000
__Lsfr0                       sfr0         0000
__Lsfr1                       sfr1         0000
__Lsfr2                       sfr2         0000
__Lsfr3                       sfr3         0000
__Lspace_0                    (abs)        0000
__Lspace_1                    (abs)        0000
__Lspace_2                    (abs)        0000
__Lspace_3                    (abs)        0000
__Lstack                      stack        0000
__Lstrings                    strings      0000
__Ltext                       text         0000
__S0                          (abs)        2009
__S1                          (abs)        0148
__S2                          (abs)        0000
__S3                          (abs)        0000
___int_sp                     stack        0000
___latbits                    (abs)        0001
___sp                         stack        0000
__end_of_CashierNormalButton  text12       0344
__end_of_ManagerNormalButton  text11       030F
__end_of_SPI_send             text14       0395
__end_of_SPI_sendString       text13       0369
__end_of__initialization      cinit        003C
__end_of_buttonINT            text9        027D
__end_of_connect_wifi         text3        0143
__end_of_getNextManager       text10       03B0
__end_of_main                 maintext     02CD
__end_of_new_at_com           text7        03C8
__end_of_overflow             text6        03DD
__end_of_rx_serial            text5        03BC
__end_of_tx_serial            text8        03D8
__end_of_usartInit            text2        03A3
__end_of_wait_Connect         text1        020A
__end_of_wait_ok              text4        0385
__initialization              cinit        0013
__pbssBANK0                   bssBANK0     0020
__pbssBANK1                   bssBANK1     00A0
__pbssBANK2                   bssBANK2     0120
__pbssCOMMON                  bssCOMMON    0078
__pcstackBANK0                cstackBANK0  0057
__pcstackCOMMON               cstackCOMMON 0070
__pdataBANK0                  dataBANK0    0060
__pidataBANK0                 idataBANK0   03DD
__pintentry                   intentry     0004
__pmaintext                   maintext     027D
__ptext1                      text1        0143
__ptext10                     text10       03A3
__ptext11                     text11       02CD
__ptext12                     text12       030F
__ptext13                     text13       0344
__ptext14                     text14       0385
__ptext2                      text2        0395
__ptext3                      text3        003F
__ptext4                      text4        0369
__ptext5                      text5        03B0
__ptext6                      text6        03D8
__ptext7                      text7        03BC
__ptext8                      text8        03D0
__ptext9                      text9        020A
__size_of_CashierNormalButton (abs)        0000
__size_of_ManagerNormalButton (abs)        0000
__size_of_SPI_send            (abs)        0000
__size_of_SPI_sendString      (abs)        0000
__size_of_buttonINT           (abs)        0000
__size_of_connect_wifi        (abs)        0000
__size_of_getNextManager      (abs)        0000
__size_of_main                (abs)        0000
__size_of_new_at_com          (abs)        0000
__size_of_overflow            (abs)        0000
__size_of_rx_serial           (abs)        0000
__size_of_tx_serial           (abs)        0000
__size_of_usartInit           (abs)        0000
__size_of_wait_Connect        (abs)        0000
__size_of_wait_ok             (abs)        0000
_buttonINT                    text9        020A
_cCount                       bssBANK0     0048
_clast                        bssCOMMON    0078
_cnext                        bssBANK0     0050
_connect_wifi                 text3        003F
_cqueue                       bssBANK1     00A0
_csize                        bssCOMMON    0079
_getNextManager               text10       03A3
_guiche                       bssBANK0     0051
_mCount                       bssBANK0     004A
_main                         maintext     027D
_mlast                        bssCOMMON    007A
_mnext                        bssBANK0     0052
_mqueue                       bssBANK0     0020
_msize                        bssCOMMON    007B
_nRBPU                        (abs)        040F
_new_at_com                   text7        03BC
_overflow                     text6        03D8
_pcCount                      bssBANK0     004C
_pclast                       bssBANK0     0053
_pcnext                       bssBANK0     0054
_pcqueue                      bssBANK2     0120
_pcsize                       bssBANK0     0055
_pmCount                      bssBANK0     004E
_pmlast                       bssCOMMON    007C
_pmnext                       bssBANK0     0056
_pmqueue                      bssBANK1     00C8
_pmsize                       bssCOMMON    007D
_rx_serial                    text5        03B0
_tx_serial                    text8        03D0
_usartInit                    text2        0395
_wait_Connect                 text1        0143
_wait_ok                      text4        0369
btemp                         (abs)        007E
clear_ram0                    clrtext      03C8
end_of_initialization         cinit        003C
interrupt_function            intentry     0004
intlevel0                     functab      0000
intlevel1                     functab      0000
intlevel2                     functab      0000
intlevel3                     functab      0000
intlevel4                     functab      0000
intlevel5                     functab      0000
ltemp                         (abs)        007E
ltemp0                        (abs)        007E
ltemp1                        (abs)        0082
ltemp2                        (abs)        0086
ltemp3                        (abs)        0080
reset_vec                     reset_vec    0000
saved_w                       (abs)        007E
stackhi                       (abs)        0000
stacklo                       (abs)        0000
start                         init         0011
start_initialization          cinit        0013
ttemp                         (abs)        007E
ttemp0                        (abs)        007E
ttemp1                        (abs)        0081
ttemp2                        (abs)        0084
ttemp3                        (abs)        0087
ttemp4                        (abs)        007F
tx_serial@aChar               cstackBANK0  005E
wtemp                         (abs)        007E
wtemp0                        (abs)        007E
wtemp1                        (abs)        0080
wtemp2                        (abs)        0082
wtemp3                        (abs)        0084
wtemp4                        (abs)        0086
wtemp5                        (abs)        0088
wtemp6                        (abs)        007F


FUNCTION INFORMATION:

 *************** function _main *****************
 Defined at:
		line 527 in file "main.c"
 Parameters:    Size  Location     Type
		None
 Auto vars:     Size  Location     Type
		None
 Return value:  Size  Location     Type
                  1    wreg      void 
 Registers used:
		wreg, status,2, status,0, pclath, cstack
 Tracked objects:
		On entry : 
		On exit  : 
		Unchanged: 
 Data sizes:     COMMON   BANK0   BANK1   BANK2
      Params:         0       0       0       0
      Locals:         0       0       0       0
      Temps:          0       1       0       0
      Totals:         0       1       0       0
Total ram usage:        1 bytes
 Hardware stack levels required when called:    8
 This function calls:
		_connect_wifi
		_rx_serial
		_usartInit
		_wait_Connect
 This function is called by:
		Startup code after reset
 This function uses a non-reentrant model


 *************** function _wait_Connect *****************
 Defined at:
		line 318 in file "main.c"
 Parameters:    Size  Location     Type
		None
 Auto vars:     Size  Location     Type
		None
 Return value:  Size  Location     Type
                  1    wreg      void 
 Registers used:
		wreg, status,2, status,0, pclath, cstack
 Tracked objects:
		On entry : 
		On exit  : 
		Unchanged: 
 Data sizes:     COMMON   BANK0   BANK1   BANK2
      Params:         0       0       0       0
      Locals:         0       0       0       0
      Temps:          0       0       0       0
      Totals:         0       0       0       0
Total ram usage:        0 bytes
 Hardware stack levels used:    1
 Hardware stack levels required when called:    6
 This function calls:
		_rx_serial
 This function is called by:
		_main
 This function uses a non-reentrant model


 *************** function _usartInit *****************
 Defined at:
		line 519 in file "main.c"
 Parameters:    Size  Location     Type
		None
 Auto vars:     Size  Location     Type
		None
 Return value:  Size  Location     Type
                  1    wreg      void 
 Registers used:
		wreg
 Tracked objects:
		On entry : 
		On exit  : 
		Unchanged: 
 Data sizes:     COMMON   BANK0   BANK1   BANK2
      Params:         0       0       0       0
      Locals:         0       0       0       0
      Temps:          0       0       0       0
      Totals:         0       0       0       0
Total ram usage:        0 bytes
 Hardware stack levels used:    1
 Hardware stack levels required when called:    4
 This function calls:
		Nothing
 This function is called by:
		_main
 This function uses a non-reentrant model


 *************** function _connect_wifi *****************
 Defined at:
		line 443 in file "main.c"
 Parameters:    Size  Location     Type
		None
 Auto vars:     Size  Location     Type
		None
 Return value:  Size  Location     Type
                  1    wreg      void 
 Registers used:
		wreg, status,2, status,0, pclath, cstack
 Tracked objects:
		On entry : 
		On exit  : 
		Unchanged: 
 Data sizes:     COMMON   BANK0   BANK1   BANK2
      Params:         0       0       0       0
      Locals:         0       0       0       0
      Temps:          0       0       0       0
      Totals:         0       0       0       0
Total ram usage:        0 bytes
 Hardware stack levels used:    1
 Hardware stack levels required when called:    7
 This function calls:
		_new_at_com
		_tx_serial
		_wait_ok
 This function is called by:
		_main
 This function uses a non-reentrant model


 *************** function _wait_ok *****************
 Defined at:
		line 301 in file "main.c"
 Parameters:    Size  Location     Type
		None
 Auto vars:     Size  Location     Type
		None
 Return value:  Size  Location     Type
                  1    wreg      void 
 Registers used:
		wreg, status,2, status,0, pclath, cstack
 Tracked objects:
		On entry : 
		On exit  : 
		Unchanged: 
 Data sizes:     COMMON   BANK0   BANK1   BANK2
      Params:         0       0       0       0
      Locals:         0       0       0       0
      Temps:          0       0       0       0
      Totals:         0       0       0       0
Total ram usage:        0 bytes
 Hardware stack levels used:    1
 Hardware stack levels required when called:    6
 This function calls:
		_rx_serial
 This function is called by:
		_connect_wifi
 This function uses a non-reentrant model


 *************** function _rx_serial *****************
 Defined at:
		line 286 in file "main.c"
 Parameters:    Size  Location     Type
		None
 Auto vars:     Size  Location     Type
		None
 Return value:  Size  Location     Type
                  1    wreg      void 
 Registers used:
		status,2, status,0, pclath, cstack
 Tracked objects:
		On entry : 
		On exit  : 
		Unchanged: 
 Data sizes:     COMMON   BANK0   BANK1   BANK2
      Params:         0       0       0       0
      Locals:         0       0       0       0
      Temps:          0       0       0       0
      Totals:         0       0       0       0
Total ram usage:        0 bytes
 Hardware stack levels used:    1
 Hardware stack levels required when called:    5
 This function calls:
		_overflow
 This function is called by:
		_wait_ok
		_wait_Connect
		_main
 This function uses a non-reentrant model


 *************** function _overflow *****************
 Defined at:
		line 276 in file "main.c"
 Parameters:    Size  Location     Type
		None
 Auto vars:     Size  Location     Type
		None
 Return value:  Size  Location     Type
                  1    wreg      void 
 Registers used:
		None
 Tracked objects:
		On entry : 
		On exit  : 
		Unchanged: 
 Data sizes:     COMMON   BANK0   BANK1   BANK2
      Params:         0       0       0       0
      Locals:         0       0       0       0
      Temps:          0       0       0       0
      Totals:         0       0       0       0
Total ram usage:        0 bytes
 Hardware stack levels used:    1
 Hardware stack levels required when called:    4
 This function calls:
		Nothing
 This function is called by:
		_rx_serial
 This function uses a non-reentrant model


 *************** function _new_at_com *****************
 Defined at:
		line 295 in file "main.c"
 Parameters:    Size  Location     Type
		None
 Auto vars:     Size  Location     Type
		None
 Return value:  Size  Location     Type
                  1    wreg      void 
 Registers used:
		wreg, status,2, status,0, pclath, cstack
 Tracked objects:
		On entry : 
		On exit  : 
		Unchanged: 
 Data sizes:     COMMON   BANK0   BANK1   BANK2
      Params:         0       0       0       0
      Locals:         0       0       0       0
      Temps:          0       0       0       0
      Totals:         0       0       0       0
Total ram usage:        0 bytes
 Hardware stack levels used:    1
 Hardware stack levels required when called:    5
 This function calls:
		_tx_serial
 This function is called by:
		_connect_wifi
 This function uses a non-reentrant model


 *************** function _tx_serial *****************
 Defined at:
		line 281 in file "main.c"
 Parameters:    Size  Location     Type
  aChar           1    wreg     unsigned char 
 Auto vars:     Size  Location     Type
  aChar           1    7[BANK0 ] unsigned char 
 Return value:  Size  Location     Type
                  1    wreg      void 
 Registers used:
		wreg
 Tracked objects:
		On entry : 
		On exit  : 
		Unchanged: 
 Data sizes:     COMMON   BANK0   BANK1   BANK2
      Params:         0       0       0       0
      Locals:         0       1       0       0
      Temps:          0       0       0       0
      Totals:         0       1       0       0
Total ram usage:        1 bytes
 Hardware stack levels used:    1
 Hardware stack levels required when called:    4
 This function calls:
		Nothing
 This function is called by:
		_new_at_com
		_connect_wifi
		_send_IPD
 This function uses a non-reentrant model


 *************** function _buttonINT *****************
 Defined at:
		line 236 in file "main.c"
 Parameters:    Size  Location     Type
		None
 Auto vars:     Size  Location     Type
		None
 Return value:  Size  Location     Type
                  1    wreg      void 
 Registers used:
		wreg, fsr0l, fsr0h, status,2, status,0, btemp+1, pclath, cstack
 Tracked objects:
		On entry : 
		On exit  : 
		Unchanged: 
 Data sizes:     COMMON   BANK0   BANK1   BANK2
      Params:         0       0       0       0
      Locals:         0       0       0       0
      Temps:          0       7       0       0
      Totals:         0       7       0       0
Total ram usage:        7 bytes
 Hardware stack levels used:    1
 Hardware stack levels required when called:    3
 This function calls:
		_CashierNormalButton
		_ManagerNormalButton
		_getNextManager
 This function is called by:
		Interrupt level 1
 This function uses a non-reentrant model


 *************** function _getNextManager *****************
 Defined at:
		line 127 in file "main.c"
 Parameters:    Size  Location     Type
		None
 Auto vars:     Size  Location     Type
		None
 Return value:  Size  Location     Type
                  1    wreg      void 
 Registers used:
		wreg, status,2, status,0
 Tracked objects:
		On entry : 
		On exit  : 
		Unchanged: 
 Data sizes:     COMMON   BANK0   BANK1   BANK2
      Params:         0       0       0       0
      Locals:         0       0       0       0
      Temps:          1       0       0       0
      Totals:         1       0       0       0
Total ram usage:        1 bytes
 Hardware stack levels used:    1
 This function calls:
		Nothing
 This function is called by:
		_buttonINT
 This function uses a non-reentrant model


 *************** function _ManagerNormalButton *****************
 Defined at:
		line 191 in file "main.c"
 Parameters:    Size  Location     Type
		None
 Auto vars:     Size  Location     Type
		None
 Return value:  Size  Location     Type
                  1    wreg      void 
 Registers used:
		wreg, fsr0l, fsr0h, status,2, status,0, pclath, cstack
 Tracked objects:
		On entry : 
		On exit  : 
		Unchanged: 
 Data sizes:     COMMON   BANK0   BANK1   BANK2
      Params:         0       0       0       0
      Locals:         0       0       0       0
      Temps:          3       0       0       0
      Totals:         3       0       0       0
Total ram usage:        3 bytes
 Hardware stack levels used:    1
 Hardware stack levels required when called:    1
 This function calls:
		_SPI_send
 This function is called by:
		_buttonINT
 This function uses a non-reentrant model


 *************** function _CashierNormalButton *****************
 Defined at:
		line 168 in file "main.c"
 Parameters:    Size  Location     Type
		None
 Auto vars:     Size  Location     Type
		None
 Return value:  Size  Location     Type
                  1    wreg      void 
 Registers used:
		wreg, fsr0l, fsr0h, status,2, status,0, btemp+1, pclath, cstack
 Tracked objects:
		On entry : 
		On exit  : 
		Unchanged: 
 Data sizes:     COMMON   BANK0   BANK1   BANK2
      Params:         0       0       0       0
      Locals:         0       0       0       0
      Temps:          1       0       0       0
      Totals:         1       0       0       0
Total ram usage:        1 bytes
 Hardware stack levels used:    1
 Hardware stack levels required when called:    2
 This function calls:
		_SPI_sendString
 This function is called by:
		_buttonINT
 This function uses a non-reentrant model


 *************** function _SPI_sendString *****************
 Defined at:
		line 113 in file "main.c"
 Parameters:    Size  Location     Type
		None
 Auto vars:     Size  Location     Type
  i               2    5[COMMON] int 
  data            4    1[COMMON] unsigned char [4]
 Return value:  Size  Location     Type
                  1    wreg      void 
 Registers used:
		wreg, fsr0l, fsr0h, status,2, status,0, btemp+1, pclath, cstack
 Tracked objects:
		On entry : 
		On exit  : 
		Unchanged: 
 Data sizes:     COMMON   BANK0   BANK1   BANK2
      Params:         0       0       0       0
      Locals:         6       0       0       0
      Temps:          0       0       0       0
      Totals:         6       0       0       0
Total ram usage:        6 bytes
 Hardware stack levels used:    1
 Hardware stack levels required when called:    1
 This function calls:
		_SPI_send
 This function is called by:
		_CashierNormalButton
 This function uses a non-reentrant model


 *************** function _SPI_send *****************
 Defined at:
		line 95 in file "main.c"
 Parameters:    Size  Location     Type
  data            1    wreg     unsigned char 
 Auto vars:     Size  Location     Type
  data            1    0[COMMON] unsigned char 
 Return value:  Size  Location     Type
                  1    wreg      void 
 Registers used:
		wreg
 Tracked objects:
		On entry : 
		On exit  : 
		Unchanged: 
 Data sizes:     COMMON   BANK0   BANK1   BANK2
      Params:         0       0       0       0
      Locals:         1       0       0       0
      Temps:          0       0       0       0
      Totals:         1       0       0       0
Total ram usage:        1 bytes
 Hardware stack levels used:    1
 This function calls:
		Nothing
 This function is called by:
		_SPI_sendString
		_ManagerNormalButton
 This function uses a non-reentrant model



MODULE INFORMATION

Module		Function		Class		Link	Load	Size
shared
		__initialization		CODE           	0013	0000	42

shared estimated size: 42

main.c
		_overflow      		CODE           	03D8	0000	6
		_connect_wifi  		CODE           	003F	0000	261
		_wait_ok       		CODE           	0369	0000	29
		_SPI_send      		CODE           	0385	0000	17
		_main          		CODE           	027D	0000	81
		_ManagerNormalButton		CODE           	02CD	0000	67
		_SPI_sendString		CODE           	0344	0000	38
		_usartInit     		CODE           	0395	0000	15
		_CashierNormalButton		CODE           	030F	0000	54
		_new_at_com    		CODE           	03BC	0000	13
		_rx_serial     		CODE           	03B0	0000	13
		_tx_serial     		CODE           	03D0	0000	9
		_wait_Connect  		CODE           	0143	0000	200
		_buttonINT     		CODE           	020A	0000	116
		_getNextManager		CODE           	03A3	0000	14

main.c estimated size: 933

